<?xml version="1.0" encoding="utf-8"?><testsuites><testsuite name="pytest" errors="0" failures="0" skipped="0" tests="0" time="0.821" timestamp="2022-01-24T07:09:07.615501" hostname="bibigrid-master-jdzmrjtottq9ctr" /></testsuites>